// Jest Snapshot v1, https://goo.gl/fbAQLP

exports[`spin test snapshot with children 1`] = `"<div class=\\"snake-spin snake-spin-normal snake-spin-wrapper\\"><div class=\\"snake-spin-loading\\"><div class=\\"snake-spin-loading-container\\"><div class=\\"snake-spin-loading-icon\\"><div class=\\"snake-spin-default-spin\\"><div class=\\"snake-spin-sk-child snake-spin-sk-circle1\\"></div><div class=\\"snake-spin-sk-child snake-spin-sk-circle2\\"></div><div class=\\"snake-spin-sk-child snake-spin-sk-circle3\\"></div><div class=\\"snake-spin-sk-child snake-spin-sk-circle4\\"></div><div class=\\"snake-spin-sk-child snake-spin-sk-circle5\\"></div><div class=\\"snake-spin-sk-child snake-spin-sk-circle6\\"></div><div class=\\"snake-spin-sk-child snake-spin-sk-circle7\\"></div><div class=\\"snake-spin-sk-child snake-spin-sk-circle8\\"></div><div class=\\"snake-spin-sk-child snake-spin-sk-circle9\\"></div><div class=\\"snake-spin-sk-child snake-spin-sk-circle10\\"></div><div class=\\"snake-spin-sk-child snake-spin-sk-circle11\\"></div><div class=\\"snake-spin-sk-child snake-spin-sk-circle12\\"></div></div></div></div></div><div class=\\"snake-spin-container\\">内容区内容区内容区内容区内容区内容区内容区内容区内容区内容区内容区</div></div>"`;

exports[`spin test snapshot with size equal normal 1`] = `"<div class=\\"snake-spin snake-spin-normal\\"><div class=\\"snake-spin-loading\\"><div class=\\"snake-spin-loading-container\\"><div class=\\"snake-spin-loading-icon\\"><div class=\\"snake-spin-default-spin\\"><div class=\\"snake-spin-sk-child snake-spin-sk-circle1\\"></div><div class=\\"snake-spin-sk-child snake-spin-sk-circle2\\"></div><div class=\\"snake-spin-sk-child snake-spin-sk-circle3\\"></div><div class=\\"snake-spin-sk-child snake-spin-sk-circle4\\"></div><div class=\\"snake-spin-sk-child snake-spin-sk-circle5\\"></div><div class=\\"snake-spin-sk-child snake-spin-sk-circle6\\"></div><div class=\\"snake-spin-sk-child snake-spin-sk-circle7\\"></div><div class=\\"snake-spin-sk-child snake-spin-sk-circle8\\"></div><div class=\\"snake-spin-sk-child snake-spin-sk-circle9\\"></div><div class=\\"snake-spin-sk-child snake-spin-sk-circle10\\"></div><div class=\\"snake-spin-sk-child snake-spin-sk-circle11\\"></div><div class=\\"snake-spin-sk-child snake-spin-sk-circle12\\"></div></div></div></div></div></div>"`;

exports[`spin test snapshot with size equal small 1`] = `"<div class=\\"snake-spin snake-spin-small\\"><div class=\\"snake-spin-loading\\"><div class=\\"snake-spin-loading-container\\"><div class=\\"snake-spin-loading-icon\\"><div class=\\"snake-spin-default-spin\\"><div class=\\"snake-spin-sk-child snake-spin-sk-circle1\\"></div><div class=\\"snake-spin-sk-child snake-spin-sk-circle2\\"></div><div class=\\"snake-spin-sk-child snake-spin-sk-circle3\\"></div><div class=\\"snake-spin-sk-child snake-spin-sk-circle4\\"></div><div class=\\"snake-spin-sk-child snake-spin-sk-circle5\\"></div><div class=\\"snake-spin-sk-child snake-spin-sk-circle6\\"></div><div class=\\"snake-spin-sk-child snake-spin-sk-circle7\\"></div><div class=\\"snake-spin-sk-child snake-spin-sk-circle8\\"></div><div class=\\"snake-spin-sk-child snake-spin-sk-circle9\\"></div><div class=\\"snake-spin-sk-child snake-spin-sk-circle10\\"></div><div class=\\"snake-spin-sk-child snake-spin-sk-circle11\\"></div><div class=\\"snake-spin-sk-child snake-spin-sk-circle12\\"></div></div></div></div></div></div>"`;
