// Jest Snapshot v1, https://goo.gl/fbAQLP

exports[`radio test snapshot 1`] = `"<label class=\\"snake-radio-item\\"><span class=\\"snake-radio-item-select\\"><input type=\\"radio\\" class=\\"snake-radio-item-input\\"><span class=\\"snake-radio-item-select-inner\\"></span></span><span class=\\"snake-radio-item-label\\"></span></label>"`;

exports[`radio test snapshot 2`] = `"<label class=\\"snake-radio-item snake-radio-item-checked\\"><span class=\\"snake-radio-item-select\\"><input type=\\"radio\\" class=\\"snake-radio-item-input\\" checked=\\"\\"><span class=\\"snake-radio-item-select-inner\\"></span></span><span class=\\"snake-radio-item-label\\"></span></label>"`;

exports[`radio test snapshot 3`] = `"<label class=\\"snake-radio-item snake-radio-item-disabled\\"><span class=\\"snake-radio-item-select\\"><input type=\\"radio\\" disabled=\\"\\" class=\\"snake-radio-item-input\\"><span class=\\"snake-radio-item-select-inner\\"></span></span><span class=\\"snake-radio-item-label\\"></span></label>"`;

exports[`radio test snapshot 4`] = `"<div class=\\"snake-radio snake-radio-normal snake-radio-default snake-radio-outline\\"><label class=\\"snake-radio-item snake-radio-item-checked\\"><span class=\\"snake-radio-item-select\\"><input type=\\"radio\\" class=\\"snake-radio-item-input\\" checked=\\"\\"><span class=\\"snake-radio-item-select-inner\\"></span></span><span class=\\"snake-radio-item-label\\">篮球</span></label><label class=\\"snake-radio-item\\"><span class=\\"snake-radio-item-select\\"><input type=\\"radio\\" class=\\"snake-radio-item-input\\"><span class=\\"snake-radio-item-select-inner\\"></span></span><span class=\\"snake-radio-item-label\\">足球</span></label><label class=\\"snake-radio-item\\"><span class=\\"snake-radio-item-select\\"><input type=\\"radio\\" class=\\"snake-radio-item-input\\"><span class=\\"snake-radio-item-select-inner\\"></span></span><span class=\\"snake-radio-item-label\\">滑板</span></label><label class=\\"snake-radio-item\\"><span class=\\"snake-radio-item-select\\"><input type=\\"radio\\" class=\\"snake-radio-item-input\\"><span class=\\"snake-radio-item-select-inner\\"></span></span><span class=\\"snake-radio-item-label\\">跳伞</span></label></div>"`;

exports[`radio test snapshot 5`] = `"<div class=\\"snake-radio snake-radio-normal snake-radio-disabled snake-radio-default snake-radio-outline\\"><label class=\\"snake-radio-item snake-radio-item-disabled\\"><span class=\\"snake-radio-item-select\\"><input type=\\"radio\\" disabled=\\"\\" class=\\"snake-radio-item-input\\"><span class=\\"snake-radio-item-select-inner\\"></span></span><span class=\\"snake-radio-item-label\\">篮球</span></label><label class=\\"snake-radio-item snake-radio-item-disabled\\"><span class=\\"snake-radio-item-select\\"><input type=\\"radio\\" disabled=\\"\\" class=\\"snake-radio-item-input\\"><span class=\\"snake-radio-item-select-inner\\"></span></span><span class=\\"snake-radio-item-label\\">足球</span></label><label class=\\"snake-radio-item snake-radio-item-disabled\\"><span class=\\"snake-radio-item-select\\"><input type=\\"radio\\" disabled=\\"\\" class=\\"snake-radio-item-input\\"><span class=\\"snake-radio-item-select-inner\\"></span></span><span class=\\"snake-radio-item-label\\">滑板</span></label><label class=\\"snake-radio-item snake-radio-item-disabled\\"><span class=\\"snake-radio-item-select\\"><input type=\\"radio\\" disabled=\\"\\" class=\\"snake-radio-item-input\\"><span class=\\"snake-radio-item-select-inner\\"></span></span><span class=\\"snake-radio-item-label\\">跳伞</span></label></div>"`;

exports[`radio test snapshot 6`] = `"<div class=\\"snake-radio snake-radio-normal snake-radio-button snake-radio-outline\\"><label class=\\"snake-radio-item\\"><span class=\\"snake-radio-item-select\\"><input type=\\"radio\\" class=\\"snake-radio-item-input\\"><span class=\\"snake-radio-item-select-inner\\"></span></span><span class=\\"snake-radio-item-label\\">篮球</span></label><label class=\\"snake-radio-item\\"><span class=\\"snake-radio-item-select\\"><input type=\\"radio\\" class=\\"snake-radio-item-input\\"><span class=\\"snake-radio-item-select-inner\\"></span></span><span class=\\"snake-radio-item-label\\">足球</span></label><label class=\\"snake-radio-item\\"><span class=\\"snake-radio-item-select\\"><input type=\\"radio\\" class=\\"snake-radio-item-input\\"><span class=\\"snake-radio-item-select-inner\\"></span></span><span class=\\"snake-radio-item-label\\">滑板</span></label><label class=\\"snake-radio-item\\"><span class=\\"snake-radio-item-select\\"><input type=\\"radio\\" class=\\"snake-radio-item-input\\"><span class=\\"snake-radio-item-select-inner\\"></span></span><span class=\\"snake-radio-item-label\\">跳伞</span></label></div>"`;

exports[`radio test snapshot 7`] = `"<div class=\\"snake-radio snake-radio-normal snake-radio-button snake-radio-outline\\"><label class=\\"snake-radio-item\\"><span class=\\"snake-radio-item-select\\"><input type=\\"radio\\" class=\\"snake-radio-item-input\\"><span class=\\"snake-radio-item-select-inner\\"></span></span><span class=\\"snake-radio-item-label\\">篮球</span></label><label class=\\"snake-radio-item\\"><span class=\\"snake-radio-item-select\\"><input type=\\"radio\\" class=\\"snake-radio-item-input\\"><span class=\\"snake-radio-item-select-inner\\"></span></span><span class=\\"snake-radio-item-label\\">足球</span></label><label class=\\"snake-radio-item\\"><span class=\\"snake-radio-item-select\\"><input type=\\"radio\\" class=\\"snake-radio-item-input\\"><span class=\\"snake-radio-item-select-inner\\"></span></span><span class=\\"snake-radio-item-label\\">滑板</span></label><label class=\\"snake-radio-item\\"><span class=\\"snake-radio-item-select\\"><input type=\\"radio\\" class=\\"snake-radio-item-input\\"><span class=\\"snake-radio-item-select-inner\\"></span></span><span class=\\"snake-radio-item-label\\">跳伞</span></label></div>"`;
